******************************************************************************
          TMS320C6x COFF Linker PC v5.1.0                      
******************************************************************************
>> Linked Sat Apr 19 15:09:00 2025

OUTPUT FILE NAME:   <./Debug/lab5.out>
ENTRY POINT SYMBOL: "_c_int00"  address: 00004a00


SECTION ALLOCATION MAP

 output                                  attributes/
section   page    origin      length       input sections
--------  ----  ----------  ----------   ----------------
.data      0    00000000    00000000     UNINITIALIZED

.text      0    00000000    00004be0     
                  00000000    000006c0     volume.obj (.text)
                  000006c0    00000500     rts6400.lib : cos.obj (.text:_cos)
                  00000bc0    000004a0                 : sin.obj (.text:_sin)
                  00001060    000003c0     dsk6416bsl.lib : dsk6416.obj (.text)
                  00001420    00000340     rts6400.lib : fputs.obj (.text:_fputs)
                  00001760    00000320                 : memory.obj (.text:_free)
                  00001a80    00000300                 : frcdivd.obj (.text:__frcdivd)
                  00001d80    00000240                 : frcaddd.obj (.text:__frcaddd)
                  00001fc0    00000220                 : trgdrv.obj (.text:_HOSTrename)
                  000021e0    000001e0                 : setvbuf.obj (.text:_setvbuf)
                  000023c0    000001e0                 : memory.obj (.text:_malloc)
                  000025a0    000001c0                 : divd.obj (.text:__divd)
                  00002760    000001c0                 : mpyd.obj (.text:__mpyd)
                  00002920    000001a0     dsk6416bsl.lib : dsk6416_led.obj (.text)
                  00002ac0    00000160     rts6400.lib : round.obj (.text:__round)
                  00002c20    00000160                 : addd.obj (.text:__addd)
                  00002d80    00000140                 : trgdrv.obj (.text:_HOSTopen)
                  00002ec0    00000140                 : lowlev.obj (.text:_getdevice)
                  00003000    00000140                 : fclose.obj (.text:_fclose)
                  00003140    00000120                 : frcmpyd.obj (.text:__frcmpyd)
                  00003260    00000120                 : trgdrv.obj (.text:_HOSTlseek)
                  00003380    00000100                 : exit.obj (.text:_exit)
                  00003480    00000100                 : autoinit.obj (.text:__auto_init)
                  00003580    00000100                 : fseek.obj (.text:_fseek)
                  00003680    00000100                 : _io_perm.obj (.text:__wrt_ok)
                  00003780    00000100                 : trgdrv.obj (.text:_HOSTunlink)
                  00003880    00000100                 : lowlev.obj (.text:_close)
                  00003980    00000100                 : lowlev.obj (.text:_lseek)
                  00003a80    00000100                 : trgdrv.obj (.text:_HOSTread)
                  00003b80    00000100                 : trgdrv.obj (.text:_HOSTwrite)
                  00003c80    00000100                 : lowlev.obj (.text:_write)
                  00003d80    000000e0                 : fopen.obj (.text:__cleanup)
                  00003e60    000000e0                 : modf.obj (.text:_modf)
                  00003f40    000000c0                 : fflush.obj (.text:__doflush)
                  00004000    000000c0                 : trgdrv.obj (.text:_HOSTclose)
                  000040c0    000000c0                 : trgmsg.obj (.text:_readmsg)
                  00004180    000000c0                 : strasg.obj (.text:__strasg)
                  00004240    000000c0                 : memory.obj (.text:_minsert)
                  00004300    000000c0                 : memory.obj (.text:_mremove)
                  000043c0    000000c0                 : lowlev.obj (.text:_finddevice)
                  00004480    000000a0     csl6416.lib : csl_emifb.obj (.text:_EMIFB_config)
                  00004520    000000a0     rts6400.lib : trgmsg.obj (.text:_writemsg)
                  000045c0    000000a0                 : cmpd.obj (.text:__cmpd)
                  00004660    000000a0                 : fixdi.obj (.text:__fixdi)
                  00004700    000000a0                 : renormd.obj (.text:_renormd)
                  000047a0    000000a0     csl6416.lib : csl_emifa.obj (.text:_EMIFA_config)
                  00004840    00000080     rts6400.lib : memcpy64.obj (.text:_memcpy)
                  000048c0    00000080                 : lowlev.obj (.text:_unlink)
                  00004940    00000060                 : fputs.obj (.text:_puts)
                  000049a0    00000060                 : fltid.obj (.text:__fltid)
                  00004a00    00000060                 : boot.obj (.text:_c_int00)
                  00004a60    00000040     load.obj (.text)
                  00004aa0    00000040     rts6400.lib : args_main.obj (.text:__args_main)
                  00004ae0    00000040                 : subd.obj (.text:__subd)
                  00004b20    00000040                 : negd.obj (.text:__negd)
                  00004b60    00000020                 : trunc.obj (.text:__trunc)
                  00004b80    00000020                 : remove.obj (.text:_remove)
                  00004ba0    00000020                 : exit.obj (.text:_abort)
                  00004bc0    00000020                 : _lock.obj (.text:__nop)

.far       0    00004be0    00002630     UNINITIALIZED
                  00004be0    00001fa4     volume.obj (.far)
                  00006b84    00000004     dsk6416bsl.lib : dsk6416.obj (.far)
                  00006b88    00000374     rts6400.lib : defs.obj (.far)
                  00006efc    00000002     dsk6416bsl.lib : dsk6416_led.obj (.far)
                  00006f00    0000011c     rts6400.lib : lowlev.obj (.far)
                  00007020    000000d0                 : trgdrv.obj (.far)
                  000070f0    00000090                 : exit.obj (.far)
                  00007180    00000040                 : sin.obj (.far)
                  000071c0    00000040                 : cos.obj (.far)
                  00007200    00000008                 : memory.obj (.far)
                  00007208    00000008                 : _lock.obj (.far)

.cio       0    00007210    00000120     UNINITIALIZED
                  00007210    00000120     rts6400.lib : trgmsg.obj (.cio)

.bss       0    00007330    00000024     UNINITIALIZED
                  00007330    00000024     volume.obj (.bss)

.vectors   0    00007400    00000200     
                  00007400    00000200     vectors.obj (.vectors)

.cinit     0    00007600    00000474     
                  00007600    00000244     rts6400.lib : defs.obj (.cinit)
                  00007844    00000004     --HOLE-- [fill = 0]
                  00007848    000000b4     volume.obj (.cinit)
                  000078fc    00000004     --HOLE-- [fill = 0]
                  00007900    0000005c     rts6400.lib : lowlev.obj (.cinit)
                  0000795c    00000004     --HOLE-- [fill = 0]
                  00007960    00000048                 : cos.obj (.cinit)
                  000079a8    00000048                 : sin.obj (.cinit)
                  000079f0    0000002c                 : exit.obj (.cinit)
                  00007a1c    00000004     --HOLE-- [fill = 0]
                  00007a20    0000002c                 : memory.obj (.cinit)
                  00007a4c    00000004     --HOLE-- [fill = 0]
                  00007a50    0000001c                 : _lock.obj (.cinit)
                  00007a6c    00000008     --HOLE-- [fill = 0]

.stack     0    00007a78    000002ff     UNINITIALIZED
                  00007a78    00000008     rts6400.lib : boot.obj (.stack)

.sysmem    0    00007d78    000002ff     UNINITIALIZED
                  00007d78    00000008     rts6400.lib : memory.obj (.sysmem)

.const     0    00008078    000000da     
                  00008078    000000c0     dsk6416bsl.lib : dsk6416.obj (.const)
                  00008138    00000018     volume.obj (.const)
                  00008150    00000002     rts6400.lib : fputs.obj (.const)


GLOBAL SYMBOLS: SORTED ALPHABETICALLY BY Name 

address    name
--------   ----
00007330   $bss
00007330   .bss
00000000   .data
00000000   .text
00004ba0   C$$EXIT
000045b8   C$$IO$$
00002920   _DSK6416_LED_init
00002968   _DSK6416_LED_off
000029d4   _DSK6416_LED_on
00002a40   _DSK6416_LED_toggle
0000134c   _DSK6416_getVersion
00001060   _DSK6416_init
00001210   _DSK6416_rget
00001248   _DSK6416_rset
00006b84   _DSK6416_version
00001290   _DSK6416_wait
00001300   _DSK6416_waitusec
000047a0   _EMIFA_config
00004480   _EMIFB_config
00007340   _Fs
00004000   _HOSTclose
00003260   _HOSTlseek
00002d80   _HOSTopen
00003a80   _HOSTread
00001fc0   _HOSTrename
00003780   _HOSTunlink
00003b80   _HOSTwrite
00000000   _LED
00007338   _THR
00007210   __CIOBUF_
000002ff   __STACK_SIZE
000002ff   __SYSMEM_SIZE
ffffffff   ___binit__
00007330   ___bss__
ffffffff   ___c_args__
00007600   ___cinit__
00000000   ___data__
00000000   ___edata__
00007354   ___end__
00004be0   ___etext__
ffffffff   ___pinit__
00000000   ___text__
00002c20   __addd
00004aa0   __args_main
00003480   __auto_init
00003d80   __cleanup
00007178   __cleanup_ptr
000045c0   __cmpd
000025a0   __divd
00003f40   __doflush
0000717c   __dtors_ptr
00004660   __fixdi
000049a0   __fltid
00001d80   __frcaddd
00001a80   __frcdivd
00003140   __frcmpyd
00006ef8   __ft_end
00006b88   __ftable
00007208   __lock
00002760   __mpyd
00004b20   __negd
00004bc0   __nop
00002ac0   __round
00007a78   __stack
00004180   __strasg
00004ae0   __subd
00007d78   __sys_memory
00006db8   __tmpnams
00004b60   __trunc
0000720c   __unlock
00003680   __wrt_ok
00004ba0   _abort
00004a00   _c_int00
00003880   _close
000006c0   _cos
00003380   _exit
00003000   _fclose
00001420   _fputs
00001760   _free
00006b38   _freqs_hor
00006b50   _freqs_ver
00003580   _fseek
0000734c   _gain
00007348   _index
00004be0   _inp_buffer
00004a60   _load
00003980   _lseek
000003d4   _main
000023c0   _malloc
000000d4   _max
0000011c   _max_inner_prod
00004840   _memcpy
00003e60   _modf
00005b80   _out_buffer
00007330   _pi
00007350   _processingLoad
00004940   _puts
000040c0   _readmsg
00004b80   _remove
00004700   _renormd
000021e0   _setvbuf
00000bc0   _sin
00006b70   _str
000048c0   _unlink
00006b20   _v
00003c80   _write
00004520   _writemsg
ffffffff   binit
00007600   cinit
00000000   edata
00007354   end
00004be0   etext
ffffffff   pinit
00007420   unused1
00007540   unused10
00007560   unused11
00007580   unused12
000075a0   unused13
000075c0   unused14
000075e0   unused15
00007440   unused2
00007460   unused3
00007480   unused4
000074a0   unused5
000074c0   unused6
000074e0   unused7
00007500   unused8
00007520   unused9


GLOBAL SYMBOLS: SORTED BY Symbol Address 

address    name
--------   ----
00000000   ___text__
00000000   ___edata__
00000000   ___data__
00000000   .text
00000000   .data
00000000   _LED
00000000   edata
000000d4   _max
0000011c   _max_inner_prod
000002ff   __SYSMEM_SIZE
000002ff   __STACK_SIZE
000003d4   _main
000006c0   _cos
00000bc0   _sin
00001060   _DSK6416_init
00001210   _DSK6416_rget
00001248   _DSK6416_rset
00001290   _DSK6416_wait
00001300   _DSK6416_waitusec
0000134c   _DSK6416_getVersion
00001420   _fputs
00001760   _free
00001a80   __frcdivd
00001d80   __frcaddd
00001fc0   _HOSTrename
000021e0   _setvbuf
000023c0   _malloc
000025a0   __divd
00002760   __mpyd
00002920   _DSK6416_LED_init
00002968   _DSK6416_LED_off
000029d4   _DSK6416_LED_on
00002a40   _DSK6416_LED_toggle
00002ac0   __round
00002c20   __addd
00002d80   _HOSTopen
00003000   _fclose
00003140   __frcmpyd
00003260   _HOSTlseek
00003380   _exit
00003480   __auto_init
00003580   _fseek
00003680   __wrt_ok
00003780   _HOSTunlink
00003880   _close
00003980   _lseek
00003a80   _HOSTread
00003b80   _HOSTwrite
00003c80   _write
00003d80   __cleanup
00003e60   _modf
00003f40   __doflush
00004000   _HOSTclose
000040c0   _readmsg
00004180   __strasg
00004480   _EMIFB_config
00004520   _writemsg
000045b8   C$$IO$$
000045c0   __cmpd
00004660   __fixdi
00004700   _renormd
000047a0   _EMIFA_config
00004840   _memcpy
000048c0   _unlink
00004940   _puts
000049a0   __fltid
00004a00   _c_int00
00004a60   _load
00004aa0   __args_main
00004ae0   __subd
00004b20   __negd
00004b60   __trunc
00004b80   _remove
00004ba0   C$$EXIT
00004ba0   _abort
00004bc0   __nop
00004be0   _inp_buffer
00004be0   ___etext__
00004be0   etext
00005b80   _out_buffer
00006b20   _v
00006b38   _freqs_hor
00006b50   _freqs_ver
00006b70   _str
00006b84   _DSK6416_version
00006b88   __ftable
00006db8   __tmpnams
00006ef8   __ft_end
00007178   __cleanup_ptr
0000717c   __dtors_ptr
00007208   __lock
0000720c   __unlock
00007210   __CIOBUF_
00007330   $bss
00007330   ___bss__
00007330   .bss
00007330   _pi
00007338   _THR
00007340   _Fs
00007348   _index
0000734c   _gain
00007350   _processingLoad
00007354   ___end__
00007354   end
00007420   unused1
00007440   unused2
00007460   unused3
00007480   unused4
000074a0   unused5
000074c0   unused6
000074e0   unused7
00007500   unused8
00007520   unused9
00007540   unused10
00007560   unused11
00007580   unused12
000075a0   unused13
000075c0   unused14
000075e0   unused15
00007600   ___cinit__
00007600   cinit
00007a78   __stack
00007d78   __sys_memory
ffffffff   ___c_args__
ffffffff   ___binit__
ffffffff   ___pinit__
ffffffff   binit
ffffffff   pinit

[128 symbols]
