******************************************************************************
          TMS320C6x COFF Linker PC v5.1.0                      
******************************************************************************
>> Linked Sat Mar 08 14:38:30 2025

OUTPUT FILE NAME:   <./Debug/Lab2.out>
ENTRY POINT SYMBOL: "_c_int00"  address: 00002460


MEMORY CONFIGURATION

                  name            origin    length      used    attr    fill
         ----------------------  --------  ---------  --------  ----  --------
         vecs                    00000000   00000200  00000200  RWIX
         IRAM                    00000200   0000fe00  00002ec6  RWIX
         CE0                     80000000   01000000  00000000  RWIX


SECTION ALLOCATION MAP

 output                                  attributes/
section   page    origin      length       input sections
--------  ----  ----------  ----------   ----------------
vectors    0    00000000    00000200     
                  00000000    00000200     vectors.obj (vectors)

.data      0    00000200    00000000     UNINITIALIZED

.switch    0    00000200    00000000     UNINITIALIZED

.sysmem    0    00000200    00000000     UNINITIALIZED

.tables    0    00000200    00000000     UNINITIALIZED

.cio       0    00000200    00000000     UNINITIALIZED

.text      0    00000200    00002580     
                  00000200    000006a0     main.obj (.text)
                  000008a0    00000420     MassoudBabaieZadeh_IO.obj (.text)
                  00000cc0    000002a0     rts6400.lib : imath64.obj (.text:__divull)
                  00000f60    00000220     dsk6416bsl.lib : dsk6416_aic23_registers.obj (.text)
                  00001180    00000220                    : dsk6416_aic23_opencodec.obj (.text)
                  000013a0    000001e0     csl6416.lib : csl_mcbsp.obj (.text:_MCBSP_reset)
                  00001580    000001e0                 : csl_irq.obj (.text:_IRQ_map)
                  00001760    000001a0     rts6400.lib : imath64.obj (.text:__divlli)
                  00001900    00000100                 : exit.obj (.text:_exit)
                  00001a00    00000100                 : autoinit.obj (.text:__auto_init)
                  00001b00    00000100     dsk6416bsl.lib : dsk6416_aic23_setfreq.obj (.text)
                  00001c00    00000100     rts6400.lib : divi.obj (.text:__divi)
                  00001d00    000000e0     csl6416.lib : csl_mcbsp.obj (.text:_MCBSP_start)
                  00001de0    000000e0                 : csl_mcbsp.obj (.text:_MCBSP_open)
                  00001ec0    000000c0                 : csl_irq.obj (.text:_setMux)
                  00001f80    000000c0                 : csl_mcbsp.obj (.text:_MCBSP_config)
                  00002040    000000c0     rts6400.lib : strasg.obj (.text:__strasg)
                  00002100    000000a0     dsk6416bsl.lib : dsk6416_aic23_write.obj (.text)
                  000021a0    000000a0                    : dsk6416_aic23_read.obj (.text)
                  00002240    000000a0     csl6416.lib : csl_mcbsp.obj (.text:_MCBSP_close)
                  000022e0    00000080     rts6400.lib : memcpy64.obj (.text:_memcpy)
                  00002360    00000080                 : llshift.obj (.text:__llshl)
                  000023e0    00000080     dsk6416bsl.lib : dsk6416_aic23_closecodec.obj (.text)
                  00002460    00000060     rts6400.lib : boot.obj (.text:_c_int00)
                  000024c0    00000060                 : llshift.obj (.text:__llshru)
                  00002520    00000060                 : imath64.obj (.text:__subcull)
                  00002580    00000040                 : abs.obj (.text:_llabs)
                  000025c0    00000040                 : args_main.obj (.text:__args_main)
                  00002600    00000020     csl6416.lib : csl_irq.obj (.text:_IRQ_nmiEnable)
                  00002620    00000020                 : csl_irq.obj (.text:_IRQ_globalDisable)
                  00002640    00000020                 : csl_mcbsp.obj (.text:_MCBSP_read)
                  00002660    00000020                 : csl_irq.obj (.text:_IRQ_globalEnable)
                  00002680    00000020                 : csl_irq.obj (.text:_IRQ_enable)
                  000026a0    00000020                 : csl_mcbsp.obj (.text:_MCBSP_rrdy)
                  000026c0    00000020     rts6400.lib : exit.obj (.text:_abort)
                  000026e0    00000020     csl6416.lib : csl_mcbsp.obj (.text:_MCBSP_xrdy)
                  00002700    00000020                 : csl_irq.obj (.text)
                  00002720    00000020     rts6400.lib : _lock.obj (.text:__nop)
                  00002740    00000020                 : negll.obj (.text:__negll)
                  00002760    00000020     csl6416.lib : csl_mcbsp.obj (.text:_MCBSP_write)

.stack     0    00002780    00000400     UNINITIALIZED
                  00002780    00000008     rts6400.lib : boot.obj (.stack)

.cinit     0    00002b80    0000027c     
                  00002b80    0000012c     csl6416.lib : csl_irq.obj (.cinit)
                  00002cac    00000004     --HOLE-- [fill = 0]
                  00002cb0    0000007c                 : csl_mcbsp.obj (.cinit)
                  00002d2c    00000004     --HOLE-- [fill = 0]
                  00002d30    0000002c     rts6400.lib : exit.obj (.cinit)
                  00002d5c    00000004     --HOLE-- [fill = 0]
                  00002d60    0000002c     main.obj (.cinit)
                  00002d8c    00000004     --HOLE-- [fill = 0]
                  00002d90    00000028     dsk6416bsl.lib : dsk6416_aic23_setfreq.obj (.cinit)
                  00002db8    0000001c     rts6400.lib : _lock.obj (.cinit)
                  00002dd4    00000004     --HOLE-- [fill = 0]
                  00002dd8    0000001c     dsk6416bsl.lib : dsk6416_aic23_registers.obj (.cinit)
                  00002df4    00000008     --HOLE-- [fill = 0]

.far       0    00002e00    0000022c     UNINITIALIZED
                  00002e00    00000100     csl6416.lib : csl_irq.obj (.far)
                  00002f00    00000090     rts6400.lib : exit.obj (.far)
                  00002f90    00000054     csl6416.lib : csl_mcbsp.obj (.far)
                  00002fe4    00000004     MassoudBabaieZadeh_IO.obj (.far)
                  00002fe8    00000020     dsk6416bsl.lib : dsk6416_aic23_setfreq.obj (.far)
                  00003008    00000014                    : dsk6416_aic23_registers.obj (.far)
                  0000301c    00000008     rts6400.lib : _lock.obj (.far)
                  00003024    00000008     dsk6416bsl.lib : dsk6416_aic23_opencodec.obj (.far)

.const     0    0000302c    00000084     
                  0000302c    00000070     dsk6416bsl.lib : dsk6416_aic23_opencodec.obj (.const)
                  0000309c    00000014     MassoudBabaieZadeh_IO.obj (.const)

.bss       0    000030b0    0000001a     UNINITIALIZED
                  000030b0    00000018     main.obj (.bss)
                  000030c8    00000002     MassoudBabaieZadeh_IO.obj (.bss)


GLOBAL SYMBOLS: SORTED ALPHABETICALLY BY Name 

address    name
--------   ----
000030b0   $bss
000030b0   .bss
00000200   .data
00000200   .text
000026c0   C$$EXIT
00002fe4   _AIC_Data_tempMBZ
000023e0   _DSK6416_AIC23_closeCodec
00003024   _DSK6416_AIC23_codeccontrolhandle
00003028   _DSK6416_AIC23_codecdatahandle
000010bc   _DSK6416_AIC23_config
00001180   _DSK6416_AIC23_openCodec
000021a0   _DSK6416_AIC23_read
0000107c   _DSK6416_AIC23_rget
00000f60   _DSK6416_AIC23_rset
00001b00   _DSK6416_AIC23_setFreq
00002100   _DSK6416_AIC23_write
000030b0   _FRAME_LEN
00002680   _IRQ_enable
00002620   _IRQ_globalDisable
00002660   _IRQ_globalEnable
00001580   _IRQ_map
00002600   _IRQ_nmiEnable
00000bec   _MBZIO_activate_microphone_boost
00000a14   _MBZIO_close
00000c28   _MBZIO_disactivate_microphone_boost
000008a0   _MBZIO_init
00000ab0   _MBZIO_read_input_sample_left_channel
000009b8   _MBZIO_read_input_sample_raw32bit
00000af8   _MBZIO_read_input_sample_right_channel
00000a34   _MBZIO_read_input_sample_stereo
00000c6c   _MBZIO_set_inputsource_linein
00000bb0   _MBZIO_set_inputsource_microphone
000009e0   _MBZIO_write_output_sample_raw32bit
00000b40   _MBZIO_write_output_sample_stereo
00002240   _MCBSP_close
00001f80   _MCBSP_config
00001de0   _MCBSP_open
00002640   _MCBSP_read
000013a0   _MCBSP_reset
000026a0   _MCBSP_rrdy
00001d00   _MCBSP_start
00002760   _MCBSP_write
000026e0   _MCBSP_xrdy
00002ef8   __IRQ_dispatchTable
00002e30   __IRQ_eventTable
00002700   __IRQ_hookFetchPacket
00002eb8   __IRQ_intTable
00002fd8   __MCBSP_hDev0
00002fdc   __MCBSP_hDev1
00002fe0   __MCBSP_hDev2
00000400   __STACK_SIZE
ffffffff   ___binit__
000030b0   ___bss__
ffffffff   ___c_args__
00002b80   ___cinit__
00000200   ___data__
00000200   ___edata__
000030ca   ___end__
00002780   ___etext__
ffffffff   ___pinit__
00000200   ___text__
000025c0   __args_main
00001a00   __auto_init
00002f88   __cleanup_ptr
00001c00   __divi
00001760   __divlli
00000cc0   __divull
00002f8c   __dtors_ptr
00002360   __llshl
000024c0   __llshru
0000301c   __lock
00002740   __negll
00002720   __nop
00002780   __stack
00002040   __strasg
00002520   __subcull
00003020   __unlock
000026c0   _abort
000030c0   _alpha
000030c4   _avg_left
000030c6   _avg_right
00002460   _c_int00
00001900   _exit
000030c8   _hCodec
000002c4   _hook_int
000030b4   _i
000030b8   _j
00002580   _llabs
00000870   _main
000022e0   _memcpy
00000200   _moving_avg
0000033c   _serialPortRcvISR
000030bc   _volumeGain
ffffffff   binit
00002b80   cinit
00000200   edata
000030ca   end
00002780   etext
ffffffff   pinit


GLOBAL SYMBOLS: SORTED BY Symbol Address 

address    name
--------   ----
00000200   ___edata__
00000200   _moving_avg
00000200   ___data__
00000200   .text
00000200   ___text__
00000200   edata
00000200   .data
000002c4   _hook_int
0000033c   _serialPortRcvISR
00000400   __STACK_SIZE
00000870   _main
000008a0   _MBZIO_init
000009b8   _MBZIO_read_input_sample_raw32bit
000009e0   _MBZIO_write_output_sample_raw32bit
00000a14   _MBZIO_close
00000a34   _MBZIO_read_input_sample_stereo
00000ab0   _MBZIO_read_input_sample_left_channel
00000af8   _MBZIO_read_input_sample_right_channel
00000b40   _MBZIO_write_output_sample_stereo
00000bb0   _MBZIO_set_inputsource_microphone
00000bec   _MBZIO_activate_microphone_boost
00000c28   _MBZIO_disactivate_microphone_boost
00000c6c   _MBZIO_set_inputsource_linein
00000cc0   __divull
00000f60   _DSK6416_AIC23_rset
0000107c   _DSK6416_AIC23_rget
000010bc   _DSK6416_AIC23_config
00001180   _DSK6416_AIC23_openCodec
000013a0   _MCBSP_reset
00001580   _IRQ_map
00001760   __divlli
00001900   _exit
00001a00   __auto_init
00001b00   _DSK6416_AIC23_setFreq
00001c00   __divi
00001d00   _MCBSP_start
00001de0   _MCBSP_open
00001f80   _MCBSP_config
00002040   __strasg
00002100   _DSK6416_AIC23_write
000021a0   _DSK6416_AIC23_read
00002240   _MCBSP_close
000022e0   _memcpy
00002360   __llshl
000023e0   _DSK6416_AIC23_closeCodec
00002460   _c_int00
000024c0   __llshru
00002520   __subcull
00002580   _llabs
000025c0   __args_main
00002600   _IRQ_nmiEnable
00002620   _IRQ_globalDisable
00002640   _MCBSP_read
00002660   _IRQ_globalEnable
00002680   _IRQ_enable
000026a0   _MCBSP_rrdy
000026c0   _abort
000026c0   C$$EXIT
000026e0   _MCBSP_xrdy
00002700   __IRQ_hookFetchPacket
00002720   __nop
00002740   __negll
00002760   _MCBSP_write
00002780   __stack
00002780   ___etext__
00002780   etext
00002b80   ___cinit__
00002b80   cinit
00002e30   __IRQ_eventTable
00002eb8   __IRQ_intTable
00002ef8   __IRQ_dispatchTable
00002f88   __cleanup_ptr
00002f8c   __dtors_ptr
00002fd8   __MCBSP_hDev0
00002fdc   __MCBSP_hDev1
00002fe0   __MCBSP_hDev2
00002fe4   _AIC_Data_tempMBZ
0000301c   __lock
00003020   __unlock
00003024   _DSK6416_AIC23_codeccontrolhandle
00003028   _DSK6416_AIC23_codecdatahandle
000030b0   $bss
000030b0   ___bss__
000030b0   .bss
000030b0   _FRAME_LEN
000030b4   _i
000030b8   _j
000030bc   _volumeGain
000030c0   _alpha
000030c4   _avg_left
000030c6   _avg_right
000030c8   _hCodec
000030ca   end
000030ca   ___end__
ffffffff   pinit
ffffffff   ___pinit__
ffffffff   ___c_args__
ffffffff   ___binit__
ffffffff   binit

[99 symbols]
