******************************************************************************
          TMS320C6x COFF Linker PC v5.1.0                      
******************************************************************************
>> Linked Sat Apr 12 15:21:19 2025

OUTPUT FILE NAME:   <./Debug/lab4.out>
ENTRY POINT SYMBOL: "_c_int00"  address: 00008320


SECTION ALLOCATION MAP

 output                                  attributes/
section   page    origin      length       input sections
--------  ----  ----------  ----------   ----------------
.data      0    00000000    00000000     UNINITIALIZED

.text      0    00000000    00008720     
                  00000000    00000520     rts6400.lib : _printfi.obj (.text:__setfield)
                  00000520    00000480     volume.obj (.text)
                  000009a0    00000440     rts6400.lib : fcvt.obj (.text:_fcvt)
                  00000de0    00000420                 : ecvt.obj (.text:_ecvt)
                  00001200    00000400                 : _printfi.obj (.text:__printfi)
                  00001600    000003e0                 : _printfi.obj (.text:__fcpy)
                  000019e0    000003e0                 : _printfi.obj (.text:__getarg_diouxp)
                  00001dc0    000003c0     dsk6416bsl.lib : dsk6416.obj (.text)
                  00002180    000003a0     rts6400.lib : _printfi.obj (.text:__pconv_e)
                  00002520    00000360                 : _printfi.obj (.text:__pproc_fwp)
                  00002880    00000340                 : fputs.obj (.text:_fputs)
                  00002bc0    00000320                 : memory.obj (.text:_free)
                  00002ee0    00000300                 : frcdivd.obj (.text:__frcdivd)
                  000031e0    000002e0                 : _printfi.obj (.text:__pproc_str)
                  000034c0    000002a0                 : imath64.obj (.text:__divull)
                  00003760    000002a0                 : _printfi.obj (.text:__pconv_g)
                  00003a00    00000260                 : _printfi.obj (.text:__pproc_diouxp)
                  00003c60    00000240                 : frcaddd.obj (.text:__frcaddd)
                  00003ea0    00000220                 : trgdrv.obj (.text:_HOSTrename)
                  000040c0    000001e0                 : memory.obj (.text:_malloc)
                  000042a0    000001e0                 : setvbuf.obj (.text:_setvbuf)
                  00004480    000001c0                 : _printfi.obj (.text:__mcpy)
                  00004640    000001c0                 : mpyd.obj (.text:__mpyd)
                  00004800    000001c0                 : imath40.obj (.text:__divul)
                  000049c0    000001c0                 : divd.obj (.text:__divd)
                  00004b80    000001a0     dsk6416bsl.lib : dsk6416_led.obj (.text)
                  00004d20    000001a0     rts6400.lib : _printfi.obj (.text:__pproc_fge)
                  00004ec0    00000180                 : _printfi.obj (.text:__ltostr)
                  00005040    00000180                 : addf.obj (.text:__addf)
                  000051c0    00000160                 : frcdivf.obj (.text:__frcdivf)
                  00005320    00000160                 : addd.obj (.text:__addd)
                  00005480    00000160                 : divf.obj (.text:__divf)
                  000055e0    00000160                 : mpyf.obj (.text:__mpyf)
                  00005740    00000140                 : atoi.obj (.text:_atoi)
                  00005880    00000140                 : fclose.obj (.text:_fclose)
                  000059c0    00000140                 : lowlev.obj (.text:_getdevice)
                  00005b00    00000140                 : _printfi.obj (.text:__pproc_fflags)
                  00005c40    00000140                 : trgdrv.obj (.text:_HOSTopen)
                  00005d80    00000120                 : trgdrv.obj (.text:_HOSTlseek)
                  00005ea0    00000120                 : frcmpyd.obj (.text:__frcmpyd)
                  00005fc0    00000120                 : _printfi.obj (.text:__pconv_f)
                  000060e0    00000100                 : autoinit.obj (.text:__auto_init)
                  000061e0    00000100                 : exit.obj (.text:_exit)
                  000062e0    00000100                 : _printfi.obj (.text:__div)
                  000063e0    00000100                 : lowlev.obj (.text:_write)
                  000064e0    00000100                 : lowlev.obj (.text:_lseek)
                  000065e0    00000100                 : fixflli.obj (.text:__fixflli)
                  000066e0    00000100                 : lowlev.obj (.text:_close)
                  000067e0    00000100                 : trgdrv.obj (.text:_HOSTread)
                  000068e0    00000100                 : memset.obj (.text:_memset)
                  000069e0    00000100                 : ltoa.obj (.text:_ltoa)
                  00006ae0    00000100                 : _io_perm.obj (.text:__wrt_ok)
                  00006be0    00000100                 : trgdrv.obj (.text:_HOSTunlink)
                  00006ce0    00000100                 : fseek.obj (.text:_fseek)
                  00006de0    00000100                 : trgdrv.obj (.text:_HOSTwrite)
                  00006ee0    00000100                 : fltllif.obj (.text:__fltllif)
                  00006fe0    000000e0                 : _printfi.obj (.text:__ecpy)
                  000070c0    000000e0                 : fopen.obj (.text:__cleanup)
                  000071a0    000000c0                 : imath40.obj (.text:__divli)
                  00007260    000000c0                 : remi.obj (.text:__remi)
                  00007320    000000c0                 : strasg.obj (.text:__strasg)
                  000073e0    000000c0                 : trgdrv.obj (.text:_HOSTclose)
                  000074a0    000000c0                 : lowlev.obj (.text:_finddevice)
                  00007560    000000c0                 : divu.obj (.text:__divu)
                  00007620    000000c0                 : memory.obj (.text:_mremove)
                  000076e0    000000c0                 : memory.obj (.text:_minsert)
                  000077a0    000000c0                 : fflush.obj (.text:__doflush)
                  00007860    000000c0                 : trgmsg.obj (.text:_readmsg)
                  00007920    000000a0                 : mpyll.obj (.text:__mpyll)
                  000079c0    000000a0                 : cmpd.obj (.text:__cmpd)
                  00007a60    000000a0                 : trgmsg.obj (.text:_writemsg)
                  00007b00    000000a0     csl6416.lib : csl_emifb.obj (.text:_EMIFB_config)
                  00007ba0    000000a0     rts6400.lib : fixdi.obj (.text:__fixdi)
                  00007c40    000000a0                 : sprintf.obj (.text:__outs)
                  00007ce0    000000a0                 : renormd.obj (.text:_renormd)
                  00007d80    000000a0                 : imath40.obj (.text:__remli)
                  00007e20    000000a0     csl6416.lib : csl_emifa.obj (.text:_EMIFA_config)
                  00007ec0    000000a0     rts6400.lib : fixdli.obj (.text:__fixdli)
                  00007f60    00000080                 : llshift.obj (.text:__llshl)
                  00007fe0    00000080                 : lowlev.obj (.text:_unlink)
                  00008060    00000080                 : sprintf.obj (.text:_sprintf)
                  000080e0    00000080                 : memccpy.obj (.text:_memccpy)
                  00008160    00000080                 : cmpf.obj (.text:__cmpf)
                  000081e0    00000080                 : memcpy64.obj (.text:_memcpy)
                  00008260    00000060                 : llshift.obj (.text:__llshru)
                  000082c0    00000060                 : cvtfd.obj (.text:__cvtfd)
                  00008320    00000060                 : boot.obj (.text:_c_int00)
                  00008380    00000060                 : fputs.obj (.text:_puts)
                  000083e0    00000060                 : fltid.obj (.text:__fltid)
                  00008440    00000060                 : fltif.obj (.text:__fltif)
                  000084a0    00000060                 : imath64.obj (.text:__subcull)
                  00008500    00000040                 : subd.obj (.text:__subd)
                  00008540    00000040                 : negd.obj (.text:__negd)
                  00008580    00000040                 : subf.obj (.text:__subf)
                  000085c0    00000040                 : frcmpyf.obj (.text:__frcmpyf)
                  00008600    00000040                 : args_main.obj (.text:__args_main)
                  00008640    00000040     load.obj (.text)
                  00008680    00000020     rts6400.lib : negll.obj (.text:__negll)
                  000086a0    00000020                 : sprintf.obj (.text:__outc)
                  000086c0    00000020                 : remove.obj (.text:_remove)
                  000086e0    00000020                 : _lock.obj (.text:__nop)
                  00008700    00000020                 : exit.obj (.text:_abort)

.far       0    00008720    00000d2c     UNINITIALIZED
                  00008720    0000039c     volume.obj (.far)
                  00008abc    00000004     dsk6416bsl.lib : dsk6416.obj (.far)
                  00008ac0    00000374     rts6400.lib : defs.obj (.far)
                  00008e34    00000002     dsk6416bsl.lib : dsk6416_led.obj (.far)
                  00008e38    00000190     rts6400.lib : _printfi.obj (.far)
                  00008fc8    00000190                 : fcvt.obj (.far)
                  00009158    0000011c                 : lowlev.obj (.far)
                  00009278    000000d0                 : trgdrv.obj (.far)
                  00009348    00000090                 : exit.obj (.far)
                  000093d8    00000064                 : ecvt.obj (.far)
                  0000943c    00000008                 : memory.obj (.far)
                  00009444    00000008                 : _lock.obj (.far)

.cinit     0    00009450    0000036c     
                  00009450    00000244     rts6400.lib : defs.obj (.cinit)
                  00009694    00000004     --HOLE-- [fill = 0]
                  00009698    0000005c                 : lowlev.obj (.cinit)
                  000096f4    00000004     --HOLE-- [fill = 0]
                  000096f8    0000003c     volume.obj (.cinit)
                  00009734    00000004     --HOLE-- [fill = 0]
                  00009738    0000002c     rts6400.lib : memory.obj (.cinit)
                  00009764    00000004     --HOLE-- [fill = 0]
                  00009768    0000002c                 : exit.obj (.cinit)
                  00009794    00000004     --HOLE-- [fill = 0]
                  00009798    0000001c                 : _lock.obj (.cinit)
                  000097b4    00000008     --HOLE-- [fill = 0]

.bss       0    000097c0    00000028     UNINITIALIZED
                  000097c0    00000028     volume.obj (.bss)

.vectors   0    00009800    00000200     
                  00009800    00000200     vectors.obj (.vectors)

.stack     0    00009a00    000002ff     UNINITIALIZED
                  00009a00    00000008     rts6400.lib : boot.obj (.stack)

.sysmem    0    00009d00    000002ff     UNINITIALIZED
                  00009d00    00000008     rts6400.lib : memory.obj (.sysmem)

.const     0    0000a000    00000209     
                  0000a000    00000101     rts6400.lib : ctype.obj (.const)
                  0000a101    00000002                 : fputs.obj (.const)
                  0000a103    00000001     --HOLE-- [fill = 0]
                  0000a104    000000c0     dsk6416bsl.lib : dsk6416.obj (.const)
                  0000a1c4    0000002a     rts6400.lib : _printfi.obj (.const)
                  0000a1ee    0000001b     volume.obj (.const)

.cio       0    0000a210    00000120     UNINITIALIZED
                  0000a210    00000120     rts6400.lib : trgmsg.obj (.cio)


GLOBAL SYMBOLS: SORTED ALPHABETICALLY BY Name 

address    name
--------   ----
000097c0   $bss
000097c0   .bss
00000000   .data
00000000   .text
00008700   C$$EXIT
00007af8   C$$IO$$
00004b80   _DSK6416_LED_init
00004bc8   _DSK6416_LED_off
00004c34   _DSK6416_LED_on
00004ca0   _DSK6416_LED_toggle
000020ac   _DSK6416_getVersion
00001dc0   _DSK6416_init
00001f70   _DSK6416_rget
00001fa8   _DSK6416_rset
00008abc   _DSK6416_version
00001ff0   _DSK6416_wait
00002060   _DSK6416_waitusec
00007e20   _EMIFA_config
00007b00   _EMIFB_config
000073e0   _HOSTclose
00005d80   _HOSTlseek
00005c40   _HOSTopen
000067e0   _HOSTread
00003ea0   _HOSTrename
00006be0   _HOSTunlink
00006de0   _HOSTwrite
0000a210   __CIOBUF_
000002ff   __STACK_SIZE
000002ff   __SYSMEM_SIZE
ffffffff   ___binit__
000097c0   ___bss__
ffffffff   ___c_args__
00009450   ___cinit__
00000000   ___data__
00000000   ___edata__
000097e8   ___end__
00008720   ___etext__
ffffffff   ___pinit__
00000000   ___text__
00005320   __addd
00005040   __addf
00008600   __args_main
000060e0   __auto_init
000070c0   __cleanup
000093d0   __cleanup_ptr
000079c0   __cmpd
00008160   __cmpf
0000a000   __ctypes_
000082c0   __cvtfd
000049c0   __divd
00005480   __divf
000071a0   __divli
00007560   __divu
00004800   __divul
000034c0   __divull
000077a0   __doflush
000093d4   __dtors_ptr
00007ba0   __fixdi
00007ec0   __fixdli
000065e0   __fixflli
000083e0   __fltid
00008440   __fltif
00006ee0   __fltllif
00003c60   __frcaddd
00002ee0   __frcdivd
000051c0   __frcdivf
00005ea0   __frcmpyd
000085c0   __frcmpyf
00008e30   __ft_end
00008ac0   __ftable
00007f60   __llshl
00008260   __llshru
00009444   __lock
00004640   __mpyd
000055e0   __mpyf
00007920   __mpyll
00008540   __negd
00008680   __negll
000086e0   __nop
00001200   __printfi
00007260   __remi
00007d80   __remli
00009a00   __stack
00007320   __strasg
000084a0   __subcull
00008500   __subd
00008580   __subf
00009d00   __sys_memory
00008cf0   __tmpnams
00009448   __unlock
00006ae0   __wrt_ok
00008700   _abort
00005740   _atoi
000097c8   _c
00008320   _c_int00
00000520   _calc_avg_energy
00008a58   _chunk_energy
000066e0   _close
00000de0   _ecvt
000061e0   _exit
00005880   _fclose
000009a0   _fcvt
000097cc   _flag
00002880   _fputs
000097d0   _frame_energy
00002bc0   _free
00006ce0   _fseek
000097e0   _gain
000097c0   _index
00008720   _inp_buffer
000097c4   _j
00008640   _load
000064e0   _lseek
000069e0   _ltoa
00000624   _main
000040c0   _malloc
000080e0   _memccpy
000081e0   _memcpy
000068e0   _memset
000088b0   _out_buffer
000097e4   _processingLoad
00008380   _puts
00007860   _readmsg
000086c0   _remove
00007ce0   _renormd
000042a0   _setvbuf
00008060   _sprintf
00008aa8   _str
000097d8   _tot_energy
00007fe0   _unlink
00008a40   _v
000063e0   _write
00007a60   _writemsg
ffffffff   binit
00009450   cinit
00000000   edata
000097e8   end
00008720   etext
ffffffff   pinit
00009820   unused1
00009940   unused10
00009960   unused11
00009980   unused12
000099a0   unused13
000099c0   unused14
000099e0   unused15
00009840   unused2
00009860   unused3
00009880   unused4
000098a0   unused5
000098c0   unused6
000098e0   unused7
00009900   unused8
00009920   unused9


GLOBAL SYMBOLS: SORTED BY Symbol Address 

address    name
--------   ----
00000000   ___data__
00000000   ___text__
00000000   ___edata__
00000000   .text
00000000   edata
00000000   .data
000002ff   __SYSMEM_SIZE
000002ff   __STACK_SIZE
00000520   _calc_avg_energy
00000624   _main
000009a0   _fcvt
00000de0   _ecvt
00001200   __printfi
00001dc0   _DSK6416_init
00001f70   _DSK6416_rget
00001fa8   _DSK6416_rset
00001ff0   _DSK6416_wait
00002060   _DSK6416_waitusec
000020ac   _DSK6416_getVersion
00002880   _fputs
00002bc0   _free
00002ee0   __frcdivd
000034c0   __divull
00003c60   __frcaddd
00003ea0   _HOSTrename
000040c0   _malloc
000042a0   _setvbuf
00004640   __mpyd
00004800   __divul
000049c0   __divd
00004b80   _DSK6416_LED_init
00004bc8   _DSK6416_LED_off
00004c34   _DSK6416_LED_on
00004ca0   _DSK6416_LED_toggle
00005040   __addf
000051c0   __frcdivf
00005320   __addd
00005480   __divf
000055e0   __mpyf
00005740   _atoi
00005880   _fclose
00005c40   _HOSTopen
00005d80   _HOSTlseek
00005ea0   __frcmpyd
000060e0   __auto_init
000061e0   _exit
000063e0   _write
000064e0   _lseek
000065e0   __fixflli
000066e0   _close
000067e0   _HOSTread
000068e0   _memset
000069e0   _ltoa
00006ae0   __wrt_ok
00006be0   _HOSTunlink
00006ce0   _fseek
00006de0   _HOSTwrite
00006ee0   __fltllif
000070c0   __cleanup
000071a0   __divli
00007260   __remi
00007320   __strasg
000073e0   _HOSTclose
00007560   __divu
000077a0   __doflush
00007860   _readmsg
00007920   __mpyll
000079c0   __cmpd
00007a60   _writemsg
00007af8   C$$IO$$
00007b00   _EMIFB_config
00007ba0   __fixdi
00007ce0   _renormd
00007d80   __remli
00007e20   _EMIFA_config
00007ec0   __fixdli
00007f60   __llshl
00007fe0   _unlink
00008060   _sprintf
000080e0   _memccpy
00008160   __cmpf
000081e0   _memcpy
00008260   __llshru
000082c0   __cvtfd
00008320   _c_int00
00008380   _puts
000083e0   __fltid
00008440   __fltif
000084a0   __subcull
00008500   __subd
00008540   __negd
00008580   __subf
000085c0   __frcmpyf
00008600   __args_main
00008640   _load
00008680   __negll
000086c0   _remove
000086e0   __nop
00008700   _abort
00008700   C$$EXIT
00008720   etext
00008720   ___etext__
00008720   _inp_buffer
000088b0   _out_buffer
00008a40   _v
00008a58   _chunk_energy
00008aa8   _str
00008abc   _DSK6416_version
00008ac0   __ftable
00008cf0   __tmpnams
00008e30   __ft_end
000093d0   __cleanup_ptr
000093d4   __dtors_ptr
00009444   __lock
00009448   __unlock
00009450   ___cinit__
00009450   cinit
000097c0   ___bss__
000097c0   _index
000097c0   $bss
000097c0   .bss
000097c4   _j
000097c8   _c
000097cc   _flag
000097d0   _frame_energy
000097d8   _tot_energy
000097e0   _gain
000097e4   _processingLoad
000097e8   ___end__
000097e8   end
00009820   unused1
00009840   unused2
00009860   unused3
00009880   unused4
000098a0   unused5
000098c0   unused6
000098e0   unused7
00009900   unused8
00009920   unused9
00009940   unused10
00009960   unused11
00009980   unused12
000099a0   unused13
000099c0   unused14
000099e0   unused15
00009a00   __stack
00009d00   __sys_memory
0000a000   __ctypes_
0000a210   __CIOBUF_
ffffffff   binit
ffffffff   ___binit__
ffffffff   ___pinit__
ffffffff   pinit
ffffffff   ___c_args__

[154 symbols]
