******************************************************************************
          TMS320C6x COFF Linker PC v5.1.0                      
******************************************************************************
>> Linked Sat Apr 26 14:45:18 2025

OUTPUT FILE NAME:   <./Debug/Lab2.out>
ENTRY POINT SYMBOL: "_c_int00"  address: 00004160


MEMORY CONFIGURATION

                  name            origin    length      used    attr    fill
         ----------------------  --------  ---------  --------  ----  --------
         vecs                    00000000   00000200  00000200  RWIX
         IRAM                    00000200   0000fe00  00004e50  RWIX
         CE0                     80000000   01000000  00000000  RWIX


SECTION ALLOCATION MAP

 output                                  attributes/
section   page    origin      length       input sections
--------  ----  ----------  ----------   ----------------
vectors    0    00000000    00000200     
                  00000000    00000200     vectors.obj (vectors)

.data      0    00000200    00000000     UNINITIALIZED

.switch    0    00000200    00000000     UNINITIALIZED

.sysmem    0    00000200    00000000     UNINITIALIZED

.tables    0    00000200    00000000     UNINITIALIZED

.cio       0    00000200    00000000     UNINITIALIZED

.text      0    00000200    00004260     
                  00000200    00000a60     main.obj (.text)
                  00000c60    00000500     rts6400.lib : cos.obj (.text:_cos)
                  00001160    000004a0                 : sin.obj (.text:_sin)
                  00001600    00000420     MassoudBabaieZadeh_IO.obj (.text)
                  00001a20    000003c0     dsk6416bsl.lib : dsk6416.obj (.text)
                  00001de0    00000300     rts6400.lib : frcdivd.obj (.text:__frcdivd)
                  000020e0    00000240                 : frcaddd.obj (.text:__frcaddd)
                  00002320    00000220     dsk6416bsl.lib : dsk6416_aic23_opencodec.obj (.text)
                  00002540    00000220                    : dsk6416_aic23_registers.obj (.text)
                  00002760    000001e0     csl6416.lib : csl_irq.obj (.text:_IRQ_map)
                  00002940    000001e0                 : csl_mcbsp.obj (.text:_MCBSP_reset)
                  00002b20    000001c0     rts6400.lib : divd.obj (.text:__divd)
                  00002ce0    000001c0                 : mpyd.obj (.text:__mpyd)
                  00002ea0    000001a0     dsk6416bsl.lib : dsk6416_led.obj (.text)
                  00003040    00000160     rts6400.lib : addd.obj (.text:__addd)
                  000031a0    00000160                 : round.obj (.text:__round)
                  00003300    00000120                 : frcmpyd.obj (.text:__frcmpyd)
                  00003420    00000100     dsk6416bsl.lib : dsk6416_aic23_setfreq.obj (.text)
                  00003520    00000100     rts6400.lib : exit.obj (.text:_exit)
                  00003620    00000100                 : autoinit.obj (.text:__auto_init)
                  00003720    000000e0                 : modf.obj (.text:_modf)
                  00003800    000000e0     csl6416.lib : csl_mcbsp.obj (.text:_MCBSP_open)
                  000038e0    000000e0                 : csl_mcbsp.obj (.text:_MCBSP_start)
                  000039c0    000000c0                 : csl_irq.obj (.text:_setMux)
                  00003a80    000000c0     rts6400.lib : strasg.obj (.text:__strasg)
                  00003b40    000000c0     csl6416.lib : csl_mcbsp.obj (.text:_MCBSP_config)
                  00003c00    000000a0                 : csl_emifb.obj (.text:_EMIFB_config)
                  00003ca0    000000a0     dsk6416bsl.lib : dsk6416_aic23_read.obj (.text)
                  00003d40    000000a0     csl6416.lib : csl_mcbsp.obj (.text:_MCBSP_close)
                  00003de0    000000a0     rts6400.lib : renormd.obj (.text:_renormd)
                  00003e80    000000a0                 : fixdi.obj (.text:__fixdi)
                  00003f20    000000a0     csl6416.lib : csl_emifa.obj (.text:_EMIFA_config)
                  00003fc0    000000a0     rts6400.lib : cmpd.obj (.text:__cmpd)
                  00004060    00000080                 : memcpy64.obj (.text:_memcpy)
                  000040e0    00000080     dsk6416bsl.lib : dsk6416_aic23_closecodec.obj (.text)
                  00004160    00000060     rts6400.lib : boot.obj (.text:_c_int00)
                  000041c0    00000060                 : fltid.obj (.text:__fltid)
                  00004220    00000040                 : negd.obj (.text:__negd)
                  00004260    00000040                 : args_main.obj (.text:__args_main)
                  000042a0    00000040                 : subd.obj (.text:__subd)
                  000042e0    00000020     csl6416.lib : csl_mcbsp.obj (.text:_MCBSP_read)
                  00004300    00000020                 : csl_mcbsp.obj (.text:_MCBSP_write)
                  00004320    00000020                 : csl_mcbsp.obj (.text:_MCBSP_rrdy)
                  00004340    00000020                 : csl_irq.obj (.text:_IRQ_globalDisable)
                  00004360    00000020     rts6400.lib : exit.obj (.text:_abort)
                  00004380    00000020     csl6416.lib : csl_irq.obj (.text)
                  000043a0    00000020                 : csl_irq.obj (.text:_IRQ_enable)
                  000043c0    00000020     rts6400.lib : _lock.obj (.text:__nop)
                  000043e0    00000020                 : trunc.obj (.text:__trunc)
                  00004400    00000020     csl6416.lib : csl_mcbsp.obj (.text:_MCBSP_xrdy)
                  00004420    00000020                 : csl_irq.obj (.text:_IRQ_nmiEnable)
                  00004440    00000020                 : csl_irq.obj (.text:_IRQ_globalEnable)

.stack     0    00004460    00000400     UNINITIALIZED
                  00004460    00000008     rts6400.lib : boot.obj (.stack)

.cinit     0    00004860    00000384     
                  00004860    0000012c     csl6416.lib : csl_irq.obj (.cinit)
                  0000498c    00000004     --HOLE-- [fill = 0]
                  00004990    000000a4     main.obj (.cinit)
                  00004a34    00000004     --HOLE-- [fill = 0]
                  00004a38    0000007c     csl6416.lib : csl_mcbsp.obj (.cinit)
                  00004ab4    00000004     --HOLE-- [fill = 0]
                  00004ab8    00000048     rts6400.lib : cos.obj (.cinit)
                  00004b00    00000048                 : sin.obj (.cinit)
                  00004b48    0000002c                 : exit.obj (.cinit)
                  00004b74    00000004     --HOLE-- [fill = 0]
                  00004b78    00000028     dsk6416bsl.lib : dsk6416_aic23_setfreq.obj (.cinit)
                  00004ba0    0000001c     rts6400.lib : _lock.obj (.cinit)
                  00004bbc    00000004     --HOLE-- [fill = 0]
                  00004bc0    0000001c     dsk6416bsl.lib : dsk6416_aic23_registers.obj (.cinit)
                  00004bdc    00000008     --HOLE-- [fill = 0]

.far       0    00004be8    000002ea     UNINITIALIZED
                  00004be8    00000100     csl6416.lib : csl_irq.obj (.far)
                  00004ce8    00000090     rts6400.lib : exit.obj (.far)
                  00004d78    00000054     csl6416.lib : csl_mcbsp.obj (.far)
                  00004dcc    00000004     dsk6416bsl.lib : dsk6416.obj (.far)
                  00004dd0    00000040     rts6400.lib : cos.obj (.far)
                  00004e10    00000040                 : sin.obj (.far)
                  00004e50    00000038     main.obj (.far)
                  00004e88    00000020     dsk6416bsl.lib : dsk6416_aic23_setfreq.obj (.far)
                  00004ea8    00000014                    : dsk6416_aic23_registers.obj (.far)
                  00004ebc    00000008                    : dsk6416_aic23_opencodec.obj (.far)
                  00004ec4    00000008     rts6400.lib : _lock.obj (.far)
                  00004ecc    00000004     MassoudBabaieZadeh_IO.obj (.far)
                  00004ed0    00000002     dsk6416bsl.lib : dsk6416_led.obj (.far)

.const     0    00004ed4    00000144     
                  00004ed4    000000c0     dsk6416bsl.lib : dsk6416.obj (.const)
                  00004f94    00000070                    : dsk6416_aic23_opencodec.obj (.const)
                  00005004    00000014     MassoudBabaieZadeh_IO.obj (.const)

.bss       0    00005018    0000003e     UNINITIALIZED
                  00005018    0000003c     main.obj (.bss)
                  00005054    00000002     MassoudBabaieZadeh_IO.obj (.bss)


GLOBAL SYMBOLS: SORTED ALPHABETICALLY BY Name 

address    name
--------   ----
00005018   $bss
00005018   .bss
00000200   .data
00000200   .text
00004360   C$$EXIT
00004ecc   _AIC_Data_tempMBZ
000040e0   _DSK6416_AIC23_closeCodec
00004ebc   _DSK6416_AIC23_codeccontrolhandle
00004ec0   _DSK6416_AIC23_codecdatahandle
0000269c   _DSK6416_AIC23_config
00002320   _DSK6416_AIC23_openCodec
00003ca0   _DSK6416_AIC23_read
0000265c   _DSK6416_AIC23_rget
00002540   _DSK6416_AIC23_rset
00003420   _DSK6416_AIC23_setFreq
00002ea0   _DSK6416_LED_init
00002ee8   _DSK6416_LED_off
00002f54   _DSK6416_LED_on
00002fc0   _DSK6416_LED_toggle
00001d0c   _DSK6416_getVersion
00001a20   _DSK6416_init
00001bd0   _DSK6416_rget
00001c08   _DSK6416_rset
00004dcc   _DSK6416_version
00001c50   _DSK6416_wait
00001cc0   _DSK6416_waitusec
00003f20   _EMIFA_config
00003c00   _EMIFB_config
00005018   _FRAME_LEN
00005020   _Fs
000043a0   _IRQ_enable
00004340   _IRQ_globalDisable
00004440   _IRQ_globalEnable
00002760   _IRQ_map
00004420   _IRQ_nmiEnable
00000200   _LED
0000194c   _MBZIO_activate_microphone_boost
00001774   _MBZIO_close
00001988   _MBZIO_disactivate_microphone_boost
00001600   _MBZIO_init
00001810   _MBZIO_read_input_sample_left_channel
00001718   _MBZIO_read_input_sample_raw32bit
00001858   _MBZIO_read_input_sample_right_channel
00001794   _MBZIO_read_input_sample_stereo
000019cc   _MBZIO_set_inputsource_linein
00001910   _MBZIO_set_inputsource_microphone
00001740   _MBZIO_write_output_sample_raw32bit
000018a0   _MBZIO_write_output_sample_stereo
00003d40   _MCBSP_close
00003b40   _MCBSP_config
00003800   _MCBSP_open
000042e0   _MCBSP_read
00002940   _MCBSP_reset
00004320   _MCBSP_rrdy
000038e0   _MCBSP_start
00004300   _MCBSP_write
00004400   _MCBSP_xrdy
00005038   _THR
00004ce0   __IRQ_dispatchTable
00004c18   __IRQ_eventTable
00004380   __IRQ_hookFetchPacket
00004ca0   __IRQ_intTable
00004dc0   __MCBSP_hDev0
00004dc4   __MCBSP_hDev1
00004dc8   __MCBSP_hDev2
00000400   __STACK_SIZE
ffffffff   ___binit__
00005018   ___bss__
ffffffff   ___c_args__
00004860   ___cinit__
00000200   ___data__
00000200   ___edata__
00005056   ___end__
00004460   ___etext__
ffffffff   ___pinit__
00000200   ___text__
00003040   __addd
00004260   __args_main
00003620   __auto_init
00004d70   __cleanup_ptr
00003fc0   __cmpd
00002b20   __divd
00004d74   __dtors_ptr
00003e80   __fixdi
000041c0   __fltid
000020e0   __frcaddd
00001de0   __frcdivd
00003300   __frcmpyd
00004ec4   __lock
00002ce0   __mpyd
00004220   __negd
000043c0   __nop
000031a0   __round
00004460   __stack
00003a80   __strasg
000042a0   __subd
000043e0   __trunc
00004ec8   __unlock
00004360   _abort
0000504c   _alpha
00005050   _avg_left
00005052   _avg_right
00004160   _c_int00
00000c60   _cos
00005034   _counter
00003520   _exit
00004e50   _freqs_hor
00004e68   _freqs_ver
00005054   _hCodec
00000840   _hook_int
00005040   _i
00005030   _index
00005044   _j
00000c18   _main
000002d4   _max
0000031c   _max_inner_prod
00004060   _memcpy
00003720   _modf
00005028   _pi
00003de0   _renormd
000008b8   _serialPortRcvISR
00001160   _sin
00005048   _volumeGain
ffffffff   binit
00004860   cinit
00000200   edata
00005056   end
00004460   etext
ffffffff   pinit


GLOBAL SYMBOLS: SORTED BY Symbol Address 

address    name
--------   ----
00000200   _LED
00000200   ___text__
00000200   ___data__
00000200   ___edata__
00000200   edata
00000200   .data
00000200   .text
000002d4   _max
0000031c   _max_inner_prod
00000400   __STACK_SIZE
00000840   _hook_int
000008b8   _serialPortRcvISR
00000c18   _main
00000c60   _cos
00001160   _sin
00001600   _MBZIO_init
00001718   _MBZIO_read_input_sample_raw32bit
00001740   _MBZIO_write_output_sample_raw32bit
00001774   _MBZIO_close
00001794   _MBZIO_read_input_sample_stereo
00001810   _MBZIO_read_input_sample_left_channel
00001858   _MBZIO_read_input_sample_right_channel
000018a0   _MBZIO_write_output_sample_stereo
00001910   _MBZIO_set_inputsource_microphone
0000194c   _MBZIO_activate_microphone_boost
00001988   _MBZIO_disactivate_microphone_boost
000019cc   _MBZIO_set_inputsource_linein
00001a20   _DSK6416_init
00001bd0   _DSK6416_rget
00001c08   _DSK6416_rset
00001c50   _DSK6416_wait
00001cc0   _DSK6416_waitusec
00001d0c   _DSK6416_getVersion
00001de0   __frcdivd
000020e0   __frcaddd
00002320   _DSK6416_AIC23_openCodec
00002540   _DSK6416_AIC23_rset
0000265c   _DSK6416_AIC23_rget
0000269c   _DSK6416_AIC23_config
00002760   _IRQ_map
00002940   _MCBSP_reset
00002b20   __divd
00002ce0   __mpyd
00002ea0   _DSK6416_LED_init
00002ee8   _DSK6416_LED_off
00002f54   _DSK6416_LED_on
00002fc0   _DSK6416_LED_toggle
00003040   __addd
000031a0   __round
00003300   __frcmpyd
00003420   _DSK6416_AIC23_setFreq
00003520   _exit
00003620   __auto_init
00003720   _modf
00003800   _MCBSP_open
000038e0   _MCBSP_start
00003a80   __strasg
00003b40   _MCBSP_config
00003c00   _EMIFB_config
00003ca0   _DSK6416_AIC23_read
00003d40   _MCBSP_close
00003de0   _renormd
00003e80   __fixdi
00003f20   _EMIFA_config
00003fc0   __cmpd
00004060   _memcpy
000040e0   _DSK6416_AIC23_closeCodec
00004160   _c_int00
000041c0   __fltid
00004220   __negd
00004260   __args_main
000042a0   __subd
000042e0   _MCBSP_read
00004300   _MCBSP_write
00004320   _MCBSP_rrdy
00004340   _IRQ_globalDisable
00004360   _abort
00004360   C$$EXIT
00004380   __IRQ_hookFetchPacket
000043a0   _IRQ_enable
000043c0   __nop
000043e0   __trunc
00004400   _MCBSP_xrdy
00004420   _IRQ_nmiEnable
00004440   _IRQ_globalEnable
00004460   etext
00004460   ___etext__
00004460   __stack
00004860   cinit
00004860   ___cinit__
00004c18   __IRQ_eventTable
00004ca0   __IRQ_intTable
00004ce0   __IRQ_dispatchTable
00004d70   __cleanup_ptr
00004d74   __dtors_ptr
00004dc0   __MCBSP_hDev0
00004dc4   __MCBSP_hDev1
00004dc8   __MCBSP_hDev2
00004dcc   _DSK6416_version
00004e50   _freqs_hor
00004e68   _freqs_ver
00004ebc   _DSK6416_AIC23_codeccontrolhandle
00004ec0   _DSK6416_AIC23_codecdatahandle
00004ec4   __lock
00004ec8   __unlock
00004ecc   _AIC_Data_tempMBZ
00005018   ___bss__
00005018   _FRAME_LEN
00005018   $bss
00005018   .bss
00005020   _Fs
00005028   _pi
00005030   _index
00005034   _counter
00005038   _THR
00005040   _i
00005044   _j
00005048   _volumeGain
0000504c   _alpha
00005050   _avg_left
00005052   _avg_right
00005054   _hCodec
00005056   ___end__
00005056   end
ffffffff   pinit
ffffffff   ___pinit__
ffffffff   ___c_args__
ffffffff   binit
ffffffff   ___binit__

[129 symbols]
